{"W_STEP_2":"","WHATS_IN_THE_IMAGE?":"","D_FOOTPRINT":""}