{"W_STEP_2":"שלב 2: בחירת תחום","WHATS_IN_THE_IMAGE?":"מה בתמונה?","D_FOOTPRINT":"עקבה"}